€]q (KK†qKe.